
================================
   Running DEEP Test Suite      
   (Depths 7-10, All Ciphers)   
================================


[Test Case #1] - Depth: 9 | Payload Size: 8602 bytes
Expected Path:  Hex -> Binary -> Hex -> Base62 -> ROT8000 -> Decimal -> Base92 -> ROT47 -> Base85
Result: Γ¥î FAILED in 0.655s
    Closest text  : 00110111 00110111 00110100 00110110 00110011 00110010 00110110 00111000 00110011 00111001 00110110 0
    Closest diff  : Hex

[Test Case #2] - Depth: 7 | Payload Size: 2187 bytes
Expected Path:  Base85 -> Hex -> Decimal -> Base91 -> Octal -> Base91 -> Base64
Result: Γ¥î FAILED in 0.075s
    Closest text  : 86 37 57 69 121 105 93 105 56 70 85 60 83 67 95 81 69 50 59 67 58 109 80 66 113 73 61 58 108 66 70 8
    Closest diff  : Base85 -> Hex

[Test Case #3] - Depth: 10 | Payload Size: 4395 bytes
Expected Path:  ROT8000 -> Octal -> Octal -> Octal -> Base91 -> Base58 -> ROT13 -> ROT8000 -> Base91 -> ROT47
Result: Γ¥î FAILED in 0.344s
    Closest text  : 173 164 122 172 152 152 162 110 121 065 150 067 050 066 066 144 104 062 123 073 157 166 062 066 144 
    Closest diff  : ROT8000 -> Octal -> Octal

[Test Case #4] - Depth: 9 | Payload Size: 1480 bytes
Expected Path:  ROT47 -> Base92 -> ROT8000 -> Octal -> ROT8000 -> Base64 -> Base62 -> Hex -> ROT47
Result: Γ¥î FAILED in 0.02s
    Closest text  : mR7b|chl7W'4$rBo-8DGeZmQ$gtkjs{oPUy'XJ7c'X||6s'ptx93-UDzeTmQrck,jtZn|naeXZ-+'Y#P8B':twjq'xDdeYmPrcx{
    Closest diff  : ROT47 -> ROT13

[Test Case #5] - Depth: 10 | Payload Size: 1616 bytes
Expected Path:  Hex -> Base91 -> Reverse -> ROT13 -> Base45 -> Decimal -> Reverse -> ROT13 -> Decimal -> Base62
Result: Γ£à PASSED in 0.104s (Found via: Hex -> Base91 -> Reverse -> ROT13 -> Base45 -> Decimal -> Reverse -> Decimal -> Base62)

[Test Case #6] - Depth: 7 | Payload Size: 144 bytes
Expected Path:  Base32 -> Base58 -> ROT47 -> Base45 -> ROT47 -> Reverse -> Base85
Result: Γ£à PASSED in 0.009s (Found via: Base32 -> Base58 -> ROT47 -> Base45 -> ROT47 -> Reverse -> Base85)

[Test Case #7] - Depth: 9 | Payload Size: 920 bytes
Expected Path:  Hex -> ROT13 -> ROT47 -> Base32 -> ROT47 -> ROT13 -> Binary -> ROT47 -> ROT13
Result: Γ£à PASSED in 0.059s (Found via: Hex -> ROT13 -> ROT47 -> Base32 -> ROT47 -> Binary -> ROT47 -> ROT13)

[Test Case #8] - Depth: 8 | Payload Size: 25914 bytes
Expected Path:  ROT13 -> Base62 -> ROT13 -> Decimal -> Base58 -> Binary -> Octal -> Decimal
Result: Γ£à PASSED in 2.181s (Found via: ROT13 -> Base62 -> Decimal -> Base58 -> Binary -> Octal -> Decimal)

[Test Case #9] - Depth: 10 | Payload Size: 5506 bytes
Expected Path:  Base62 -> Base45 -> Base64 -> Octal -> Base64 -> Octal -> ROT13 -> Base32 -> Base64 -> Base85
Result: Γ£à PASSED in 0.444s (Found via: Base62 -> Base45 -> Base64 -> Octal -> Base64 -> Octal -> ROT13 -> Base32 -> Base64 -> Base85)

[Test Case #10] - Depth: 9 | Payload Size: 15422 bytes
Expected Path:  Decimal -> Decimal -> Base32 -> Base85 -> Base91 -> Base92 -> Decimal -> Base64 -> Octal
Result: Γ¥î FAILED in 1.656s
    Closest text  : 72 82 55 68 52 73 51 70 72 82 74 69 65 51 75 71 70 77 51 69 79 53 74 86 79 82 73 83 50 51 50 81 70 6
    Closest diff  : Decimal

================================
   Final Results: 5/10 Passed (50%)
================================

