═══════════════════════════════════════════════════════════
  BetterMagic — Equivalence & Performance Test
═══════════════════════════════════════════════════════════

── Test: Simple Base64 ──
   Single-layer Base64 encoding of "Hello World"
   Input (first 80 chars): "SGVsbG8gV29ybGQ="
   ✅ PASS
   OLD: 112 results in 27.60ms (heap Δ: 9696.9 KB)
   NEW: 112 results in 18.78ms (heap Δ: 9921.6 KB)

── Test: Base64 with crib ──
   Base64 with a known crib to trigger early termination paths
   Input (first 80 chars): "VGhlIGZsYWcgaXMgZmxhZ3t0ZXN0X2NyaWJfbWF0Y2h9"
   ✅ PASS
   OLD: 109 results in 1.34ms (heap Δ: 864.6 KB)
   NEW: 109 results in 1.26ms (heap Δ: 393.9 KB)

── Test: Double-encoded Base64 ──
   Two layers of Base64 to test depth traversal
   Input (first 80 chars): "VTJWamNtVjBJRTFsYzNOaFoyVT0="
   ✅ PASS
   OLD: 567 results in 3.36ms (heap Δ: 1151.5 KB)
   NEW: 567 results in 3.31ms (heap Δ: 1135.7 KB)

── Test: ROT13 text ──
   ROT13 encoded "This is a secret message"
   Input (first 80 chars): "Guvf vf n frperg zrffntr"
   ✅ PASS
   OLD: 145 results in 0.58ms (heap Δ: 229.0 KB)
   NEW: 145 results in 0.55ms (heap Δ: 220.5 KB)

── Test: Hex encoded ──
   Hex encoding of "Hello"
   Input (first 80 chars): "48 65 6c 6c 6f"
   ✅ PASS
   OLD: 185 results in 0.63ms (heap Δ: 210.9 KB)
   NEW: 185 results in 0.63ms (heap Δ: 253.2 KB)

── Test: Non-decodable garbage ──
   Input that should produce no meaningful decodes
   Input (first 80 chars): "!@#$%^&*()_+{}|:"<>?"
   ✅ PASS
   OLD: 55 results in 0.57ms (heap Δ: 129.4 KB)
   NEW: 55 results in 0.23ms (heap Δ: 87.0 KB)

── Test: Empty-ish (whitespace) ──
   Edge case: whitespace-only input
   Input (first 80 chars): "   "
   ✅ PASS
   OLD: 0 results in 0.12ms (heap Δ: 10.5 KB)
   NEW: 0 results in 0.09ms (heap Δ: 8.9 KB)

── Test: Deeper search (depth 6) ──
   Tests beam search at moderate depth
   Input (first 80 chars): "QSBkZWVwZXIgc2VhcmNoIHRlc3Qgc3RyaW5nIHdpdGggbW9yZSBjb250ZW50IGZvciBhbmFseXNpcw=="
   ✅ PASS
   OLD: 724 results in 9.93ms (heap Δ: -6501.2 KB)
   NEW: 724 results in 6.56ms (heap Δ: 3219.7 KB)

── Test: runAllDecodes basic ──
   ✅ PASS (16 vs 16 results)

═══════════════════════════════════════════════════════════
  SUMMARY
═══════════════════════════════════════════════════════════

  Test Name                   | Status | OLD ms  | NEW ms  | Speedup | OLD results | NEW results
  ----------------------------|--------|---------|---------|---------|-------------|------------
  Simple Base64                | ✅ PASS |   27.60 |   18.78 |   1.47x |         112 |         112
  Base64 with crib             | ✅ PASS |    1.34 |    1.26 |   1.06x |         109 |         109
  Double-encoded Base64        | ✅ PASS |    3.36 |    3.31 |   1.02x |         567 |         567
  ROT13 text                   | ✅ PASS |    0.58 |    0.55 |   1.05x |         145 |         145
  Hex encoded                  | ✅ PASS |    0.63 |    0.63 |   1.00x |         185 |         185
  Non-decodable garbage        | ✅ PASS |    0.57 |    0.23 |   2.48x |          55 |          55
  Empty-ish (whitespace)       | ✅ PASS |    0.12 |    0.09 |   1.33x |           0 |           0
  Deeper search (depth 6)      | ✅ PASS |    9.93 |    6.56 |   1.51x |         724 |         724

  ✅ ALL TESTS PASSED — Functional equivalence confirmed!

